Ignoring asn1crypto: markers 'python_version < "3.11"' don't match your environment
Ignoring Babel: markers 'python_version < "3.11"' don't match your environment
Ignoring Babel: markers 'python_version >= "3.13"' don't match your environment
Ignoring cbor2: markers 'python_version < "3.11"' don't match your environment
Ignoring cbor2: markers 'python_version >= "3.12"' don't match your environment
Ignoring chardet: markers 'python_version < "3.11"' don't match your environment
Ignoring cryptography: markers 'python_version >= "3.12"' don't match your environment
Ignoring docutils: markers 'python_version < "3.11"' don't match your environment
Ignoring freezegun: markers 'python_version < "3.11"' don't match your environment
Ignoring freezegun: markers 'python_version >= "3.13"' don't match your environment
Ignoring gevent: markers 'sys_platform != "win32" and python_version == "3.10"' don't match your environment
Ignoring gevent: markers 'sys_platform != "win32" and python_version >= "3.12" and python_version < "3.13"' don't match your environment
Ignoring gevent: markers 'sys_platform != "win32" and python_version >= "3.13"' don't match your environment
Ignoring greenlet: markers 'sys_platform != "win32" and python_version == "3.10"' don't match your environment
Ignoring greenlet: markers 'sys_platform != "win32" and python_version >= "3.12" and python_version < "3.13"' don't match your environment
Ignoring greenlet: markers 'sys_platform != "win32" and python_version >= "3.13"' don't match your environment
Ignoring idna: markers 'python_version >= "3.12"' don't match your environment
Ignoring Jinja2: markers 'python_version <= "3.10"' don't match your environment
Ignoring libsass: markers 'python_version < "3.11"' don't match your environment
Ignoring lxml: markers 'python_version <= "3.10"' don't match your environment
Ignoring lxml: markers 'python_version >= "3.12"' don't match your environment
Ignoring lxml-html-clean: markers 'python_version >= "3.12"' don't match your environment
Ignoring MarkupSafe: markers 'python_version <= "3.10"' don't match your environment
Ignoring MarkupSafe: markers 'python_version >= "3.12"' don't match your environment
Ignoring num2words: markers 'python_version >= "3.12"' don't match your environment
Ignoring openpyxl: markers 'python_version >= "3.12"' don't match your environment
Ignoring Pillow: markers 'python_version <= "3.10"' don't match your environment
Ignoring Pillow: markers 'python_version >= "3.12" and python_version < "3.13"' don't match your environment
Ignoring Pillow: markers 'python_version >= "3.13"' don't match your environment
Ignoring psutil: markers 'python_version <= "3.10"' don't match your environment
Ignoring psutil: markers 'python_version >= "3.12"' don't match your environment
Ignoring psycopg2: markers 'python_version == "3.10"' don't match your environment
Ignoring psycopg2: markers 'python_version >= "3.12" and python_version < "3.13"' don't match your environment
Ignoring psycopg2: markers 'python_version >= "3.13"' don't match your environment
Ignoring pyopenssl: markers 'python_version >= "3.12"' don't match your environment
Ignoring PyPDF2: markers 'python_version <= "3.10"' don't match your environment
Ignoring PyPDF: markers 'python_version >= "3.13"' don't match your environment
Ignoring pypiwin32: markers 'sys_platform == "win32"' don't match your environment
Ignoring python-dateutil: markers 'python_version < "3.11"' don't match your environment
Ignoring python-magic: markers 'sys_platform != "win32" and python_version >= "3.12"' don't match your environment
Ignoring python-ldap: markers 'sys_platform != "win32" and python_version >= "3.12"' don't match your environment
Ignoring python-stdnum: markers 'python_version < "3.11"' don't match your environment
Ignoring qrcode: markers 'python_version < "3.11"' don't match your environment
Ignoring reportlab: markers 'python_version <= "3.10"' don't match your environment
Ignoring reportlab: markers 'python_version >= "3.12"' don't match your environment
Ignoring requests: markers 'python_version < "3.11"' don't match your environment
Ignoring rjsmin: markers 'python_version < "3.11"' don't match your environment
Ignoring rl-renderPM: markers 'sys_platform == "win32" and python_version >= "3.12"' don't match your environment
Ignoring urllib3: markers 'python_version >= "3.12"' don't match your environment
Ignoring Werkzeug: markers 'python_version <= "3.10"' don't match your environment
Ignoring Werkzeug: markers 'python_version >= "3.12"' don't match your environment
Ignoring xlrd: markers 'python_version >= "3.12"' don't match your environment
Ignoring XlsxWriter: markers 'python_version >= "3.12"' don't match your environment
Ignoring zeep: markers 'python_version < "3.11"' don't match your environment
Ignoring zeep: markers 'python_version >= "3.13"' don't match your environment
Requirement already satisfied: asn1crypto==1.5.1 in ./venv/lib/python3.11/site-packages (from -r requirements.txt (line 4)) (1.5.1)
Requirement already satisfied: Babel==2.10.3 in ./venv/lib/python3.11/site-packages (from -r requirements.txt (line 6)) (2.10.3)
Requirement already satisfied: cbor2==5.4.6 in ./venv/lib/python3.11/site-packages (from -r requirements.txt (line 9)) (5.4.6)
Requirement already satisfied: chardet==5.2.0 in ./venv/lib/python3.11/site-packages (from -r requirements.txt (line 12)) (5.2.0)
Requirement already satisfied: cryptography==3.4.8 in ./venv/lib/python3.11/site-packages (from -r requirements.txt (line 13)) (3.4.8)
Requirement already satisfied: docutils==0.20.1 in ./venv/lib/python3.11/site-packages (from -r requirements.txt (line 16)) (0.20.1)
Requirement already satisfied: freezegun==1.2.1 in ./venv/lib/python3.11/site-packages (from -r requirements.txt (line 18)) (1.2.1)
Requirement already satisfied: geoip2==2.9.0 in ./venv/lib/python3.11/site-packages (from -r requirements.txt (line 20)) (2.9.0)
Requirement already satisfied: gevent==22.10.2 in ./venv/lib/python3.11/site-packages (from -r requirements.txt (line 22)) (22.10.2)
Requirement already satisfied: greenlet==2.0.2 in ./venv/lib/python3.11/site-packages (from -r requirements.txt (line 26)) (2.0.2)
Requirement already satisfied: idna==2.10 in ./venv/lib/python3.11/site-packages (from -r requirements.txt (line 29)) (2.10)
Requirement already satisfied: Jinja2==3.1.2 in ./venv/lib/python3.11/site-packages (from -r requirements.txt (line 32)) (3.1.2)
Requirement already satisfied: libsass==0.22.0 in ./venv/lib/python3.11/site-packages (from -r requirements.txt (line 34)) (0.22.0)
Requirement already satisfied: lxml==4.9.3 in ./venv/lib/python3.11/site-packages (from -r requirements.txt (line 36)) (4.9.3)
Requirement already satisfied: MarkupSafe==2.1.2 in ./venv/lib/python3.11/site-packages (from -r requirements.txt (line 40)) (2.1.2)
Requirement already satisfied: num2words==0.5.10 in ./venv/lib/python3.11/site-packages (from -r requirements.txt (line 42)) (0.5.10)
Requirement already satisfied: ofxparse==0.21 in ./venv/lib/python3.11/site-packages (from -r requirements.txt (line 44)) (0.21)
Requirement already satisfied: openpyxl==3.0.9 in ./venv/lib/python3.11/site-packages (from -r requirements.txt (line 45)) (3.0.9)
Requirement already satisfied: passlib==1.7.4 in ./venv/lib/python3.11/site-packages (from -r requirements.txt (line 47)) (1.7.4)
Requirement already satisfied: Pillow==9.4.0 in ./venv/lib/python3.11/site-packages (from -r requirements.txt (line 49)) (9.4.0)
Requirement already satisfied: polib==1.1.1 in ./venv/lib/python3.11/site-packages (from -r requirements.txt (line 52)) (1.1.1)
Requirement already satisfied: psutil==5.9.4 in ./venv/lib/python3.11/site-packages (from -r requirements.txt (line 54)) (5.9.4)
Requirement already satisfied: psycopg2==2.9.5 in ./venv/lib/python3.11/site-packages (from -r requirements.txt (line 57)) (2.9.5)
Requirement already satisfied: pyopenssl==21.0.0 in ./venv/lib/python3.11/site-packages (from -r requirements.txt (line 60)) (21.0.0)
Requirement already satisfied: PyPDF2==2.12.1 in ./venv/lib/python3.11/site-packages (from -r requirements.txt (line 63)) (2.12.1)
Requirement already satisfied: pyserial==3.5 in ./venv/lib/python3.11/site-packages (from -r requirements.txt (line 66)) (3.5)
Requirement already satisfied: python-dateutil==2.8.2 in ./venv/lib/python3.11/site-packages (from -r requirements.txt (line 68)) (2.8.2)
Requirement already satisfied: python-magic==0.4.24 in ./venv/lib/python3.11/site-packages (from -r requirements.txt (line 69)) (0.4.24)
Requirement already satisfied: python-ldap==3.4.0 in ./venv/lib/python3.11/site-packages (from -r requirements.txt (line 71)) (3.4.0)
Requirement already satisfied: python-stdnum==1.19 in ./venv/lib/python3.11/site-packages (from -r requirements.txt (line 74)) (1.19)
Requirement already satisfied: pytz in ./venv/lib/python3.11/site-packages (from -r requirements.txt (line 75)) (2026.1.post1)
Requirement already satisfied: pyusb==1.2.1 in ./venv/lib/python3.11/site-packages (from -r requirements.txt (line 76)) (1.2.1)
Requirement already satisfied: qrcode==7.4.2 in ./venv/lib/python3.11/site-packages (from -r requirements.txt (line 78)) (7.4.2)
Requirement already satisfied: reportlab==3.6.12 in ./venv/lib/python3.11/site-packages (from -r requirements.txt (line 80)) (3.6.12)
Requirement already satisfied: requests==2.31.0 in ./venv/lib/python3.11/site-packages (from -r requirements.txt (line 83)) (2.31.0)
Requirement already satisfied: rjsmin==1.2.0 in ./venv/lib/python3.11/site-packages (from -r requirements.txt (line 85)) (1.2.0)
Requirement already satisfied: urllib3==1.26.5 in ./venv/lib/python3.11/site-packages (from -r requirements.txt (line 87)) (1.26.5)
Requirement already satisfied: vobject==0.9.6.1 in ./venv/lib/python3.11/site-packages (from -r requirements.txt (line 89)) (0.9.6.1)
Requirement already satisfied: Werkzeug==2.2.2 in ./venv/lib/python3.11/site-packages (from -r requirements.txt (line 91)) (2.2.2)
Requirement already satisfied: xlrd==1.2.0 in ./venv/lib/python3.11/site-packages (from -r requirements.txt (line 93)) (1.2.0)
Requirement already satisfied: XlsxWriter==3.0.2 in ./venv/lib/python3.11/site-packages (from -r requirements.txt (line 95)) (3.0.2)
Requirement already satisfied: xlwt==1.3.0 in ./venv/lib/python3.11/site-packages (from -r requirements.txt (line 97)) (1.3.0)
Requirement already satisfied: zeep==4.2.1 in ./venv/lib/python3.11/site-packages (from -r requirements.txt (line 99)) (4.2.1)
Requirement already satisfied: cffi>=1.12 in ./venv/lib/python3.11/site-packages (from cryptography==3.4.8->-r requirements.txt (line 13)) (2.0.0)
Requirement already satisfied: maxminddb>=1.4.0 in ./venv/lib/python3.11/site-packages (from geoip2==2.9.0->-r requirements.txt (line 20)) (3.1.1)
Requirement already satisfied: zope.event in ./venv/lib/python3.11/site-packages (from gevent==22.10.2->-r requirements.txt (line 22)) (6.1)
Requirement already satisfied: zope.interface in ./venv/lib/python3.11/site-packages (from gevent==22.10.2->-r requirements.txt (line 22)) (8.2)
Requirement already satisfied: setuptools in ./venv/lib/python3.11/site-packages (from gevent==22.10.2->-r requirements.txt (line 22)) (82.0.1)
Requirement already satisfied: docopt>=0.6.2 in ./venv/lib/python3.11/site-packages (from num2words==0.5.10->-r requirements.txt (line 42)) (0.6.2)
Requirement already satisfied: beautifulsoup4 in ./venv/lib/python3.11/site-packages (from ofxparse==0.21->-r requirements.txt (line 44)) (4.14.3)
Requirement already satisfied: six in ./venv/lib/python3.11/site-packages (from ofxparse==0.21->-r requirements.txt (line 44)) (1.17.0)
Requirement already satisfied: et-xmlfile in ./venv/lib/python3.11/site-packages (from openpyxl==3.0.9->-r requirements.txt (line 45)) (2.0.0)
Requirement already satisfied: pyasn1>=0.3.7 in ./venv/lib/python3.11/site-packages (from python-ldap==3.4.0->-r requirements.txt (line 71)) (0.6.3)
Requirement already satisfied: pyasn1_modules>=0.1.5 in ./venv/lib/python3.11/site-packages (from python-ldap==3.4.0->-r requirements.txt (line 71)) (0.4.2)
Requirement already satisfied: typing-extensions in ./venv/lib/python3.11/site-packages (from qrcode==7.4.2->-r requirements.txt (line 78)) (4.15.0)
Requirement already satisfied: pypng in ./venv/lib/python3.11/site-packages (from qrcode==7.4.2->-r requirements.txt (line 78)) (0.20220715.0)
Requirement already satisfied: charset-normalizer<4,>=2 in ./venv/lib/python3.11/site-packages (from requests==2.31.0->-r requirements.txt (line 83)) (3.4.7)
Requirement already satisfied: certifi>=2017.4.17 in ./venv/lib/python3.11/site-packages (from requests==2.31.0->-r requirements.txt (line 83)) (2026.2.25)
Requirement already satisfied: attrs>=17.2.0 in ./venv/lib/python3.11/site-packages (from zeep==4.2.1->-r requirements.txt (line 99)) (26.1.0)
Requirement already satisfied: isodate>=0.5.4 in ./venv/lib/python3.11/site-packages (from zeep==4.2.1->-r requirements.txt (line 99)) (0.7.2)
Requirement already satisfied: platformdirs>=1.4.0 in ./venv/lib/python3.11/site-packages (from zeep==4.2.1->-r requirements.txt (line 99)) (4.9.4)
Requirement already satisfied: requests-toolbelt>=0.7.1 in ./venv/lib/python3.11/site-packages (from zeep==4.2.1->-r requirements.txt (line 99)) (1.0.0)
Requirement already satisfied: requests-file>=1.5.1 in ./venv/lib/python3.11/site-packages (from zeep==4.2.1->-r requirements.txt (line 99)) (3.0.1)
Requirement already satisfied: pycparser in ./venv/lib/python3.11/site-packages (from cffi>=1.12->cryptography==3.4.8->-r requirements.txt (line 13)) (3.0)
Requirement already satisfied: soupsieve>=1.6.1 in ./venv/lib/python3.11/site-packages (from beautifulsoup4->ofxparse==0.21->-r requirements.txt (line 44)) (2.8.3)
